
> miaoda-react-admin@0.0.1 build
> vite build

[36mvite v5.4.21 [32mbuilding for production...[36m[39m
transforming...
[baseline-browser-mapping] The data in this module is over two months old.  To ensure accurate Baseline data, please update: `npm i baseline-browser-mapping@latest -D`
[32m✓[39m 3 modules transformed.
[31mx[39m Build failed in 528ms
[31merror during build:
[31mCould not resolve "./index.css" from "src/main.jsx"[31m
file: [36mD:/Projects/Courier Management/frontend/src/main.jsx[31m
    at getRollupError (file:///D:/Projects/Courier%20Management/frontend/node_modules/rollup/dist/es/shared/parseAst.js:401:41)
    at error (file:///D:/Projects/Courier%20Management/frontend/node_modules/rollup/dist/es/shared/parseAst.js:397:42)
    at ModuleLoader.handleInvalidResolvedId (file:///D:/Projects/Courier%20Management/frontend/node_modules/rollup/dist/es/shared/node-entry.js:21576:24)
    at file:///D:/Projects/Courier%20Management/frontend/node_modules/rollup/dist/es/shared/node-entry.js:21536:26[39m
